Initializing the backend...
Initializing modules...
- api-sfn in modules/api-sfn
- ecr_repo in modules/ecr_repo
Downloading registry.terraform.io/terraform-aws-modules/ecr/aws 2.4.0 for ecr_repo.ecr_repo...
- ecr_repo.ecr_repo in .terraform/modules/ecr_repo.ecr_repo
- eks in modules/eks
Downloading registry.terraform.io/terraform-aws-modules/eks/aws 20.37.2 for eks.eks...
- eks.eks in .terraform/modules/eks.eks
- eks.eks.eks_managed_node_group in .terraform/modules/eks.eks/modules/eks-managed-node-group
- eks.eks.eks_managed_node_group.user_data in .terraform/modules/eks.eks/modules/_user_data
- eks.eks.fargate_profile in .terraform/modules/eks.eks/modules/fargate-profile
Downloading registry.terraform.io/terraform-aws-modules/kms/aws 2.1.0 for eks.eks.kms...
- eks.eks.kms in .terraform/modules/eks.eks.kms
- eks.eks.self_managed_node_group in .terraform/modules/eks.eks/modules/self-managed-node-group
- eks.eks.self_managed_node_group.user_data in .terraform/modules/eks.eks/modules/_user_data
- eks_inventory_service in modules/eks-services/inventory-service
- eks_order_service in modules/eks-services/order-service
- eks_payment_service in modules/eks-services/payment-service
- iam in modules/iam
- inventory_service_db in modules/services/inventory_service/db
- lambda in modules/lambda
- network in modules/network
- order_service_db in modules/services/order_service/db
- payment_service_db in modules/services/payment_service/db
Initializing provider plugins...
- Finding hashicorp/aws versions matching ">= 4.33.0, ~> 5.0, >= 5.93.0, >= 5.95.0, < 6.0.0"...
- Finding hashicorp/kubernetes versions matching "~> 2.23"...
- Finding hashicorp/time versions matching ">= 0.9.0"...
- Finding hashicorp/tls versions matching ">= 3.0.0"...
- Finding hashicorp/cloudinit versions matching ">= 2.0.0"...
- Finding hashicorp/null versions matching ">= 3.0.0"...
- Installing hashicorp/null v3.2.4...
- Installed hashicorp/null v3.2.4 (signed by HashiCorp)
- Installing hashicorp/aws v5.100.0...
- Installed hashicorp/aws v5.100.0 (signed by HashiCorp)
- Installing hashicorp/kubernetes v2.37.1...
- Installed hashicorp/kubernetes v2.37.1 (signed by HashiCorp)
- Installing hashicorp/time v0.13.1...
- Installed hashicorp/time v0.13.1 (signed by HashiCorp)
- Installing hashicorp/tls v4.1.0...
- Installed hashicorp/tls v4.1.0 (signed by HashiCorp)
- Installing hashicorp/cloudinit v2.3.7...
- Installed hashicorp/cloudinit v2.3.7 (signed by HashiCorp)
Terraform has created a lock file .terraform.lock.hcl to record the provider
selections it made above. Include this file in your version control repository
so that Terraform can guarantee to make the same selections by default when
you run "terraform init" in the future.

Terraform has been successfully initialized!

You may now begin working with Terraform. Try running "terraform plan" to see
any changes that are required for your infrastructure. All Terraform commands
should now work.

If you ever set or change modules or backend configuration for Terraform,
rerun this command to reinitialize your working directory. If you forget, other
commands will detect it and remind you to do so if necessary.
